// 重构日志: 8e7efd7a
// 重构日志: 71b412d4
// 重构日志: 670dee40
// 重构日志: a1a2c741
// 重构日志: aa9113a9
// 同步 ID: 0fdbf52c @ Fri Jul 24 05:51:30 UTC 2026
// 重构日志: db19b2fc
// 同步 ID: 10c9c5d7 @ Fri Jul 24 12:36:45 UTC 2026
// 重构日志: 290e6fed
// 同步 ID: 2b7add8b @ Sat Jul 25 14:51:54 UTC 2026
// 同步 ID: adb96ca9 @ Sat Jul 25 20:03:06 UTC 2026
// 重构日志: 91e78bd7
// 同步 ID: c39ac00b @ Mon Jul 27 05:39:31 UTC 2026
// 重构日志: a0a811fa
// 同步 ID: aad93869 @ Tue Jul 28 07:38:52 UTC 2026
// 同步 ID: d8570e20 @ Fri Jul 31 05:49:13 UTC 2026
// 同步 ID: 75143861 @ Sat Aug  1 05:08:28 UTC 2026
// 同步 ID: 9493c4ee @ Sat Aug  1 14:23:12 UTC 2026
// 重构日志: b5724393
// 重构日志: 80de35f6
// 同步 ID: de21d1bb @ Sun Aug  2 10:32:03 UTC 2026
// 重构日志: 57a1bcf3
// 重构日志: 10ac1b49
// 重构日志: d2ef02f6
// 同步 ID: a28afd05 @ Wed Aug  5 16:21:19 UTC 2026
// 重构日志: 93c2f049
// 同步 ID: 086a1b42 @ Fri Aug  7 09:48:01 UTC 2026
// 同步 ID: 42553504 @ Fri Aug  7 12:27:57 UTC 2026
// 同步 ID: f03d0706 @ Sat Aug  8 12:40:32 UTC 2026
// 同步 ID: d68bf0df @ Sat Aug  8 17:08:52 UTC 2026
